// Jest Snapshot v1, https://goo.gl/fbAQLP

exports[`should render the dashboard correctly 1`] = `
<div
  className="content-container"
>
  This is where the dashboard goes
</div>
`;
