// Jest Snapshot v1, https://goo.gl/fbAQLP

exports[`should render LoginPage correctly 1`] = `
<div
  className="box-layout"
>
  <div
    className="box-layout__box"
  >
    <h1
      className="box-layout__title"
    >
      React Boilerplate
    </h1>
    <p>
      A boilerplate with Webpack, Babel, React, Router, Redux, Jest, Enzyme, Heroku and Firebase
    </p>
    <button
      className="btn btn--google btn--shine"
    >
      Login with Google
    </button>
  </div>
</div>
`;
