// Jest Snapshot v1, https://goo.gl/fbAQLP

exports[`should render NotFoundPage correctly 1`] = `
<div>
  404! What the heck? 
  <Link
    to="/"
  >
    Take me home
  </Link>
</div>
`;